// Jest Snapshot v1, https://goo.gl/fbAQLP

exports[`NavBar matches snapshot 1`] = `
<nav
  className="navbar sticky-top navbar-dark bg-dark navbar-expand-sm"
>
  <a
    className="navbar-brand"
    href="/"
  >
    Infinite Scroll Demo
  </a>
  <button
    aria-controls="navbarTogglerDemo01"
    aria-expanded="false"
    aria-label="Toggle navigation"
    className="navbar-toggler"
    data-target="#navbarTogglerDemo01"
    data-toggle="collapse"
    type="button"
  >
    <span
      className="navbar-toggler-icon"
    />
  </button>
  <div
    className="collapse navbar-collapse"
    id="navbarTogglerDemo01"
  >
    <ul
      className="navbar-nav"
    >
      <li
        className="nav-item active"
      >
        <Link
          className="nav-link"
          replace={false}
          to="/"
        >
          New Photos
        </Link>
      </li>
      <li
        className="nav-item false"
      >
        <Link
          className="nav-link"
          replace={false}
          to="/favourites"
        >
          Favourites (16)
        </Link>
      </li>
    </ul>
  </div>
</nav>
`;
